// Jest Snapshot v1, https://goo.gl/fbAQLP

exports[`CustomInput renders correctly 1`] = `
<View
  style={
    {
      "width": "100%",
    }
  }
  testID="input_testID"
>
  <Text
    style={
      {
        "color": "#2A2A2A",
        "fontFamily": "Poppins-Regular",
        "fontSize": 14,
        "marginBottom": 4,
      }
    }
  >
    E-mail
  </Text>
  <View
    style={
      {
        "backgroundColor": "white",
        "borderColor": "#2A2A2A",
        "borderRadius": 5,
        "borderWidth": 1,
        "padding": 16,
      }
    }
  >
    <TextInput
      keyboardType="default"
      onBlur={[Function]}
      onChangeText={[Function]}
      placeholder="Ex: fulano@t.com"
      placeholderTextColor="#BBBBBB"
      secureTextEntry={false}
      style={
        [
          {
            "color": "#2A2A2A",
            "fontFamily": "Poppins-Regular",
            "fontSize": 16,
          },
          false,
        ]
      }
      testID="input_testID_normal"
      value=""
    />
  </View>
</View>
`;
