// Jest Snapshot v1, https://goo.gl/fbAQLP

exports[`CustomInput renders correctly 1`] = `
<View
  style={
    {
      "width": "100%",
    }
  }
>
  <Text
    style={
      {
        "color": "#2A2A2A",
        "fontFamily": "Poppins-Regular",
        "fontSize": 14,
        "marginBottom": 4,
      }
    }
  >
    E-mail
  </Text>
  <TextInput
    keyboardType="default"
    onBlur={[Function]}
    onChangeText={[Function]}
    placeholder="Ex: fulano@t.com"
    placeholderTextColor="#BBBBBB"
    secureTextEntry={false}
    style={
      [
        {
          "backgroundColor": "white",
          "borderColor": "#2A2A2A",
          "borderRadius": 5,
          "borderWidth": 1,
          "color": "#2A2A2A",
          "fontFamily": "Poppins-Regular",
          "fontSize": 16,
          "padding": 16,
        },
        false,
      ]
    }
    value=""
  />
</View>
`;
